<html>
<body>
<pre>
<h1>礦ision Build Log</h1>
<h2>Tool Versions:</h2>
IDE-Version: μVision V5.18.0.0
Copyright (C) 2016 ARM Ltd and ARM Germany GmbH. All rights reserved.
License Information: chen si, chen, LIC=TIVNN-YJLJ8-NNCAF-66VA4-4WUZA-YF2DS
 
Tool Versions:
Toolchain:       MDK-ARM Standard  Version: 5.18
Toolchain Path:  D:\install\Keil_v5\ARM\ARMCC\Bin
C Compiler:      Armcc.exe V5.06 update 1 (build 61)
Assembler:       Armasm.exe V5.06 update 1 (build 61)
Linker/Locator:  ArmLink.exe V5.06 update 1 (build 61)
Library Manager: ArmAr.exe V5.06 update 1 (build 61)
Hex Converter:   FromElf.exe V5.06 update 1 (build 61)
CPU DLL:         SARMCM3.DLL V5.18
Dialog DLL:      DARMSTM.DLL V1.65.0.0
Target DLL:      STLink\ST-LINKIII-KEIL_SWO.dll V2.0.18.0
Dialog DLL:      TARMSTM.DLL V1.64.0.0
 
<h2>Project:</h2>
D:\work\无线测距的毕设\毕设\资料-代码\资料-代码\程序代码\Graduation_Project\Graduation_Project\Slaver\Project\Slaver_Project.uvprojx
Project File Date:  04/09/2020

<h2>Output:</h2>
*** Using Compiler 'V5.06 update 1 (build 61)', folder: 'D:\install\Keil_v5\ARM\ARMCC\Bin'
Rebuild target 'Target 1'
assembling startup_stm32f10x_md.s...
compiling core_cm3.c...
compiling system_stm32f10x.c...
compiling misc.c...
compiling stm32f10x_dma.c...
compiling stm32f10x_exti.c...
compiling stm32f10x_gpio.c...
compiling stm32f10x_i2c.c...
compiling stm32f10x_rcc.c...
compiling stm32f10x_spi.c...
compiling stm32f10x_tim.c...
compiling GPS.c...
compiling stm32f10x_usart.c...
compiling main.c...
main.c(96): warning:  #550-D: variable "flag" was set but never used
  	unsigned char flag=0;
main.c: 1 warning, 0 errors
compiling spi.c...
compiling NL24L01.c...
compiling timer.c...
compiling USART.c...
compiling stm32f10x_it.c...
compiling gps_convert_xyz.c...
linking...
Program Size: Code=9120 RO-data=364 RW-data=120 ZI-data=1104  
FromELF: creating hex file...
".\Objects\Slaver_Project.axf" - 0 Error(s), 1 Warning(s).

<h2>Collection of Component include folders:</h2>
  D:\work\无线测距的毕设\毕设\资料-代码\资料-代码\程序代码\Graduation_Project\Graduation_Project\Slaver\Project\RTE
  D:\install\Keil_v5\ARM\PACK\Keil\STM32F1xx_DFP\2.3.0\Device\Include

<h2>Collection of Component Files used:</h2>
Build Time Elapsed:  00:00:12
</pre>
</body>
</html>
